Archive member included to satisfy reference by file (symbol)

c:/nxp/mcuxpressoide_11.0.0_2516/ide/plugins/com.nxp.mcuxpresso.tools.win32_11.0.0.201905131304/tools/bin/../lib/gcc/arm-none-eabi/8.2.1/../../../../arm-none-eabi/lib/thumb/v7-m/nofp\libcr_c.a(__weak__main.o)
                              ./src/cr_startup_lpc175x_6x.o (__main)
c:/nxp/mcuxpressoide_11.0.0_2516/ide/plugins/com.nxp.mcuxpresso.tools.win32_11.0.0.201905131304/tools/bin/../lib/gcc/arm-none-eabi/8.2.1/thumb/v7-m/nofp\libcr_eabihelpers.a(float.o)
                              ./src/UltraLib.o (__aeabi_fdiv)

Discarded input sections

 .group         0x00000000        0xc ./src/DR_GPIO.o
 .group         0x00000000        0xc ./src/DR_GPIO.o
 .group         0x00000000        0xc ./src/DR_GPIO.o
 .text          0x00000000        0x0 ./src/DR_GPIO.o
 .data          0x00000000        0x0 ./src/DR_GPIO.o
 .bss           0x00000000        0x0 ./src/DR_GPIO.o
 .text.GPIO_Get
                0x00000000       0x36 ./src/DR_GPIO.o
 .group         0x00000000        0xc ./src/DR_PLL.o
 .group         0x00000000        0xc ./src/DR_PLL.o
 .group         0x00000000        0xc ./src/DR_PLL.o
 .text          0x00000000        0x0 ./src/DR_PLL.o
 .data          0x00000000        0x0 ./src/DR_PLL.o
 .bss           0x00000000        0x0 ./src/DR_PLL.o
 .debug_macro   0x00000000      0xa9c ./src/DR_PLL.o
 .debug_macro   0x00000000       0x64 ./src/DR_PLL.o
 .group         0x00000000        0xc ./src/DR_PWM.o
 .group         0x00000000        0xc ./src/DR_PWM.o
 .group         0x00000000        0xc ./src/DR_PWM.o
 .group         0x00000000        0xc ./src/DR_PWM.o
 .group         0x00000000        0xc ./src/DR_PWM.o
 .text          0x00000000        0x0 ./src/DR_PWM.o
 .data          0x00000000        0x0 ./src/DR_PWM.o
 .bss           0x00000000        0x0 ./src/DR_PWM.o
 .debug_macro   0x00000000      0xa9c ./src/DR_PWM.o
 .debug_macro   0x00000000       0x64 ./src/DR_PWM.o
 .group         0x00000000        0xc ./src/DR_Systick.o
 .group         0x00000000        0xc ./src/DR_Systick.o
 .group         0x00000000        0xc ./src/DR_Systick.o
 .text          0x00000000        0x0 ./src/DR_Systick.o
 .data          0x00000000        0x0 ./src/DR_Systick.o
 .bss           0x00000000        0x0 ./src/DR_Systick.o
 .debug_macro   0x00000000      0xa9c ./src/DR_Systick.o
 .debug_macro   0x00000000       0x64 ./src/DR_Systick.o
 .group         0x00000000        0xc ./src/TAnks.o
 .group         0x00000000        0xc ./src/TAnks.o
 .group         0x00000000        0xc ./src/TAnks.o
 .group         0x00000000        0xc ./src/TAnks.o
 .group         0x00000000        0xc ./src/TAnks.o
 .group         0x00000000        0xc ./src/TAnks.o
 .text          0x00000000        0x0 ./src/TAnks.o
 .data          0x00000000        0x0 ./src/TAnks.o
 .bss           0x00000000        0x0 ./src/TAnks.o
 .text.Tank_Backward
                0x00000000       0x1c ./src/TAnks.o
 .debug_macro   0x00000000      0xa9c ./src/TAnks.o
 .debug_macro   0x00000000       0x64 ./src/TAnks.o
 .debug_macro   0x00000000      0x118 ./src/TAnks.o
 .debug_macro   0x00000000       0x6a ./src/TAnks.o
 .debug_macro   0x00000000       0x5e ./src/TAnks.o
 .group         0x00000000        0xc ./src/UltraLib.o
 .group         0x00000000        0xc ./src/UltraLib.o
 .group         0x00000000        0xc ./src/UltraLib.o
 .group         0x00000000        0xc ./src/UltraLib.o
 .text          0x00000000        0x0 ./src/UltraLib.o
 .data          0x00000000        0x0 ./src/UltraLib.o
 .bss           0x00000000        0x0 ./src/UltraLib.o
 .text.InitUltraFR
                0x00000000       0x90 ./src/UltraLib.o
 .text.DistanciaUS
                0x00000000      0x100 ./src/UltraLib.o
 .text.FiltroUS
                0x00000000       0xc0 ./src/UltraLib.o
 .debug_info    0x00000000      0x1e6 ./src/UltraLib.o
 .debug_abbrev  0x00000000       0xcc ./src/UltraLib.o
 .debug_aranges
                0x00000000       0x30 ./src/UltraLib.o
 .debug_ranges  0x00000000       0x20 ./src/UltraLib.o
 .debug_macro   0x00000000       0x32 ./src/UltraLib.o
 .debug_macro   0x00000000      0xa9c ./src/UltraLib.o
 .debug_macro   0x00000000       0x64 ./src/UltraLib.o
 .debug_macro   0x00000000       0x64 ./src/UltraLib.o
 .debug_macro   0x00000000       0x3a ./src/UltraLib.o
 .debug_line    0x00000000      0x22f ./src/UltraLib.o
 .debug_str     0x00000000     0x3163 ./src/UltraLib.o
 .comment       0x00000000       0x76 ./src/UltraLib.o
 .debug_frame   0x00000000       0x80 ./src/UltraLib.o
 .ARM.attributes
                0x00000000       0x2d ./src/UltraLib.o
 .group         0x00000000        0xc ./src/cr_startup_lpc175x_6x.o
 .text          0x00000000        0x0 ./src/cr_startup_lpc175x_6x.o
 .data          0x00000000        0x0 ./src/cr_startup_lpc175x_6x.o
 .bss           0x00000000        0x0 ./src/cr_startup_lpc175x_6x.o
 .debug_macro   0x00000000      0xa9c ./src/cr_startup_lpc175x_6x.o
 .group         0x00000000        0xc ./src/crp.o
 .group         0x00000000        0xc ./src/crp.o
 .text          0x00000000        0x0 ./src/crp.o
 .data          0x00000000        0x0 ./src/crp.o
 .bss           0x00000000        0x0 ./src/crp.o
 .debug_macro   0x00000000      0xa9c ./src/crp.o
 .group         0x00000000        0xc ./src/main.o
 .group         0x00000000        0xc ./src/main.o
 .group         0x00000000        0xc ./src/main.o
 .group         0x00000000        0xc ./src/main.o
 .group         0x00000000        0xc ./src/main.o
 .group         0x00000000        0xc ./src/main.o
 .group         0x00000000        0xc ./src/main.o
 .group         0x00000000        0xc ./src/main.o
 .text          0x00000000        0x0 ./src/main.o
 .data          0x00000000        0x0 ./src/main.o
 .bss           0x00000000        0x0 ./src/main.o
 .debug_macro   0x00000000      0xa9c ./src/main.o
 .debug_macro   0x00000000       0x64 ./src/main.o
 .debug_macro   0x00000000      0x112 ./src/main.o
 .debug_macro   0x00000000       0x6a ./src/main.o
 .debug_macro   0x00000000       0x5e ./src/main.o
 .debug_macro   0x00000000       0x28 ./src/main.o
 .debug_macro   0x00000000       0x10 ./src/main.o
 .text          0x00000000        0x0 c:/nxp/mcuxpressoide_11.0.0_2516/ide/plugins/com.nxp.mcuxpresso.tools.win32_11.0.0.201905131304/tools/bin/../lib/gcc/arm-none-eabi/8.2.1/../../../../arm-none-eabi/lib/thumb/v7-m/nofp\libcr_c.a(__weak__main.o)
 .data          0x00000000        0x0 c:/nxp/mcuxpressoide_11.0.0_2516/ide/plugins/com.nxp.mcuxpresso.tools.win32_11.0.0.201905131304/tools/bin/../lib/gcc/arm-none-eabi/8.2.1/../../../../arm-none-eabi/lib/thumb/v7-m/nofp\libcr_c.a(__weak__main.o)
 .bss           0x00000000        0x0 c:/nxp/mcuxpressoide_11.0.0_2516/ide/plugins/com.nxp.mcuxpresso.tools.win32_11.0.0.201905131304/tools/bin/../lib/gcc/arm-none-eabi/8.2.1/../../../../arm-none-eabi/lib/thumb/v7-m/nofp\libcr_c.a(__weak__main.o)
 .text          0x00000000        0x0 c:/nxp/mcuxpressoide_11.0.0_2516/ide/plugins/com.nxp.mcuxpresso.tools.win32_11.0.0.201905131304/tools/bin/../lib/gcc/arm-none-eabi/8.2.1/thumb/v7-m/nofp\libcr_eabihelpers.a(float.o)
 .data          0x00000000        0x0 c:/nxp/mcuxpressoide_11.0.0_2516/ide/plugins/com.nxp.mcuxpresso.tools.win32_11.0.0.201905131304/tools/bin/../lib/gcc/arm-none-eabi/8.2.1/thumb/v7-m/nofp\libcr_eabihelpers.a(float.o)
 .bss           0x00000000        0x0 c:/nxp/mcuxpressoide_11.0.0_2516/ide/plugins/com.nxp.mcuxpresso.tools.win32_11.0.0.201905131304/tools/bin/../lib/gcc/arm-none-eabi/8.2.1/thumb/v7-m/nofp\libcr_eabihelpers.a(float.o)
 .text.__aeabi_fmul
                0x00000000       0xb0 c:/nxp/mcuxpressoide_11.0.0_2516/ide/plugins/com.nxp.mcuxpresso.tools.win32_11.0.0.201905131304/tools/bin/../lib/gcc/arm-none-eabi/8.2.1/thumb/v7-m/nofp\libcr_eabihelpers.a(float.o)
 .text.__aeabi_fdiv
                0x00000000       0xbc c:/nxp/mcuxpressoide_11.0.0_2516/ide/plugins/com.nxp.mcuxpresso.tools.win32_11.0.0.201905131304/tools/bin/../lib/gcc/arm-none-eabi/8.2.1/thumb/v7-m/nofp\libcr_eabihelpers.a(float.o)
 .text.__aeabi_fsub
                0x00000000       0xe4 c:/nxp/mcuxpressoide_11.0.0_2516/ide/plugins/com.nxp.mcuxpresso.tools.win32_11.0.0.201905131304/tools/bin/../lib/gcc/arm-none-eabi/8.2.1/thumb/v7-m/nofp\libcr_eabihelpers.a(float.o)
 .text.__aeabi_fadd
                0x00000000       0xac c:/nxp/mcuxpressoide_11.0.0_2516/ide/plugins/com.nxp.mcuxpresso.tools.win32_11.0.0.201905131304/tools/bin/../lib/gcc/arm-none-eabi/8.2.1/thumb/v7-m/nofp\libcr_eabihelpers.a(float.o)
 .text.__aeabi_frsub
                0x00000000        0xc c:/nxp/mcuxpressoide_11.0.0_2516/ide/plugins/com.nxp.mcuxpresso.tools.win32_11.0.0.201905131304/tools/bin/../lib/gcc/arm-none-eabi/8.2.1/thumb/v7-m/nofp\libcr_eabihelpers.a(float.o)
 .text.__aeabi_fneg
                0x00000000        0x6 c:/nxp/mcuxpressoide_11.0.0_2516/ide/plugins/com.nxp.mcuxpresso.tools.win32_11.0.0.201905131304/tools/bin/../lib/gcc/arm-none-eabi/8.2.1/thumb/v7-m/nofp\libcr_eabihelpers.a(float.o)
 .text.__aeabi_f2iz
                0x00000000       0x36 c:/nxp/mcuxpressoide_11.0.0_2516/ide/plugins/com.nxp.mcuxpresso.tools.win32_11.0.0.201905131304/tools/bin/../lib/gcc/arm-none-eabi/8.2.1/thumb/v7-m/nofp\libcr_eabihelpers.a(float.o)
 .text.__aeabi_f2uiz
                0x00000000       0x28 c:/nxp/mcuxpressoide_11.0.0_2516/ide/plugins/com.nxp.mcuxpresso.tools.win32_11.0.0.201905131304/tools/bin/../lib/gcc/arm-none-eabi/8.2.1/thumb/v7-m/nofp\libcr_eabihelpers.a(float.o)
 .text.__aeabi_f2lz
                0x00000000       0x5c c:/nxp/mcuxpressoide_11.0.0_2516/ide/plugins/com.nxp.mcuxpresso.tools.win32_11.0.0.201905131304/tools/bin/../lib/gcc/arm-none-eabi/8.2.1/thumb/v7-m/nofp\libcr_eabihelpers.a(float.o)
 .text.__aeabi_f2ulz
                0x00000000       0x3e c:/nxp/mcuxpressoide_11.0.0_2516/ide/plugins/com.nxp.mcuxpresso.tools.win32_11.0.0.201905131304/tools/bin/../lib/gcc/arm-none-eabi/8.2.1/thumb/v7-m/nofp\libcr_eabihelpers.a(float.o)
 .text.__bhs_ui2f
                0x00000000       0x26 c:/nxp/mcuxpressoide_11.0.0_2516/ide/plugins/com.nxp.mcuxpresso.tools.win32_11.0.0.201905131304/tools/bin/../lib/gcc/arm-none-eabi/8.2.1/thumb/v7-m/nofp\libcr_eabihelpers.a(float.o)
 .text.__bhs_ul2f
                0x00000000       0x46 c:/nxp/mcuxpressoide_11.0.0_2516/ide/plugins/com.nxp.mcuxpresso.tools.win32_11.0.0.201905131304/tools/bin/../lib/gcc/arm-none-eabi/8.2.1/thumb/v7-m/nofp\libcr_eabihelpers.a(float.o)
 .text.__aeabi_i2f
                0x00000000       0x12 c:/nxp/mcuxpressoide_11.0.0_2516/ide/plugins/com.nxp.mcuxpresso.tools.win32_11.0.0.201905131304/tools/bin/../lib/gcc/arm-none-eabi/8.2.1/thumb/v7-m/nofp\libcr_eabihelpers.a(float.o)
 .text.__aeabi_ui2f
                0x00000000        0x8 c:/nxp/mcuxpressoide_11.0.0_2516/ide/plugins/com.nxp.mcuxpresso.tools.win32_11.0.0.201905131304/tools/bin/../lib/gcc/arm-none-eabi/8.2.1/thumb/v7-m/nofp\libcr_eabihelpers.a(float.o)
 .text.__aeabi_l2f
                0x00000000       0x1a c:/nxp/mcuxpressoide_11.0.0_2516/ide/plugins/com.nxp.mcuxpresso.tools.win32_11.0.0.201905131304/tools/bin/../lib/gcc/arm-none-eabi/8.2.1/thumb/v7-m/nofp\libcr_eabihelpers.a(float.o)
 .text.__aeabi_ul2f
                0x00000000        0x8 c:/nxp/mcuxpressoide_11.0.0_2516/ide/plugins/com.nxp.mcuxpresso.tools.win32_11.0.0.201905131304/tools/bin/../lib/gcc/arm-none-eabi/8.2.1/thumb/v7-m/nofp\libcr_eabihelpers.a(float.o)
 .text.__aeabi_f2d
                0x00000000       0x38 c:/nxp/mcuxpressoide_11.0.0_2516/ide/plugins/com.nxp.mcuxpresso.tools.win32_11.0.0.201905131304/tools/bin/../lib/gcc/arm-none-eabi/8.2.1/thumb/v7-m/nofp\libcr_eabihelpers.a(float.o)
 .text.__aeabi_fcmpeq
                0x00000000       0x1e c:/nxp/mcuxpressoide_11.0.0_2516/ide/plugins/com.nxp.mcuxpresso.tools.win32_11.0.0.201905131304/tools/bin/../lib/gcc/arm-none-eabi/8.2.1/thumb/v7-m/nofp\libcr_eabihelpers.a(float.o)
 .text.__aeabi_fcmplt
                0x00000000       0x3a c:/nxp/mcuxpressoide_11.0.0_2516/ide/plugins/com.nxp.mcuxpresso.tools.win32_11.0.0.201905131304/tools/bin/../lib/gcc/arm-none-eabi/8.2.1/thumb/v7-m/nofp\libcr_eabihelpers.a(float.o)
 .text.__aeabi_fcmpgt
                0x00000000       0x3a c:/nxp/mcuxpressoide_11.0.0_2516/ide/plugins/com.nxp.mcuxpresso.tools.win32_11.0.0.201905131304/tools/bin/../lib/gcc/arm-none-eabi/8.2.1/thumb/v7-m/nofp\libcr_eabihelpers.a(float.o)
 .text.__aeabi_fcmple
                0x00000000       0x3e c:/nxp/mcuxpressoide_11.0.0_2516/ide/plugins/com.nxp.mcuxpresso.tools.win32_11.0.0.201905131304/tools/bin/../lib/gcc/arm-none-eabi/8.2.1/thumb/v7-m/nofp\libcr_eabihelpers.a(float.o)
 .text.__aeabi_fcmpge
                0x00000000       0x3e c:/nxp/mcuxpressoide_11.0.0_2516/ide/plugins/com.nxp.mcuxpresso.tools.win32_11.0.0.201905131304/tools/bin/../lib/gcc/arm-none-eabi/8.2.1/thumb/v7-m/nofp\libcr_eabihelpers.a(float.o)
 .text.__aeabi_fcmpun
                0x00000000       0x1a c:/nxp/mcuxpressoide_11.0.0_2516/ide/plugins/com.nxp.mcuxpresso.tools.win32_11.0.0.201905131304/tools/bin/../lib/gcc/arm-none-eabi/8.2.1/thumb/v7-m/nofp\libcr_eabihelpers.a(float.o)
 .text.__aeabi_cfcmple
                0x00000000       0x20 c:/nxp/mcuxpressoide_11.0.0_2516/ide/plugins/com.nxp.mcuxpresso.tools.win32_11.0.0.201905131304/tools/bin/../lib/gcc/arm-none-eabi/8.2.1/thumb/v7-m/nofp\libcr_eabihelpers.a(float.o)
 .text.__aeabi_cfrcmple
                0x00000000        0xa c:/nxp/mcuxpressoide_11.0.0_2516/ide/plugins/com.nxp.mcuxpresso.tools.win32_11.0.0.201905131304/tools/bin/../lib/gcc/arm-none-eabi/8.2.1/thumb/v7-m/nofp\libcr_eabihelpers.a(float.o)
 .comment       0x00000000       0x76 c:/nxp/mcuxpressoide_11.0.0_2516/ide/plugins/com.nxp.mcuxpresso.tools.win32_11.0.0.201905131304/tools/bin/../lib/gcc/arm-none-eabi/8.2.1/thumb/v7-m/nofp\libcr_eabihelpers.a(float.o)
 .ARM.attributes
                0x00000000       0x2d c:/nxp/mcuxpressoide_11.0.0_2516/ide/plugins/com.nxp.mcuxpresso.tools.win32_11.0.0.201905131304/tools/bin/../lib/gcc/arm-none-eabi/8.2.1/thumb/v7-m/nofp\libcr_eabihelpers.a(float.o)

Memory Configuration

Name             Origin             Length             Attributes
MFlash512        0x00000000         0x00080000         xr
RamLoc32         0x10000000         0x00008000         xrw
RamAHB32         0x2007c000         0x00008000         xrw
*default*        0x00000000         0xffffffff

Linker script and memory map

LOAD ./src/DR_GPIO.o
LOAD ./src/DR_PLL.o
LOAD ./src/DR_PWM.o
LOAD ./src/DR_Systick.o
LOAD ./src/TAnks.o
LOAD ./src/UltraLib.o
LOAD ./src/cr_startup_lpc175x_6x.o
LOAD ./src/crp.o
LOAD ./src/main.o
START GROUP
LOAD c:/nxp/mcuxpressoide_11.0.0_2516/ide/plugins/com.nxp.mcuxpresso.tools.win32_11.0.0.201905131304/tools/bin/../lib/gcc/arm-none-eabi/8.2.1/../../../../arm-none-eabi/lib/thumb/v7-m/nofp\libcr_c.a
LOAD c:/nxp/mcuxpressoide_11.0.0_2516/ide/plugins/com.nxp.mcuxpresso.tools.win32_11.0.0.201905131304/tools/bin/../lib/gcc/arm-none-eabi/8.2.1/thumb/v7-m/nofp\libcr_eabihelpers.a
LOAD c:/nxp/mcuxpressoide_11.0.0_2516/ide/plugins/com.nxp.mcuxpresso.tools.win32_11.0.0.201905131304/tools/bin/../lib/gcc/arm-none-eabi/8.2.1/thumb/v7-m/nofp\libgcc.a
END GROUP
                0x00000000                __base_MFlash512 = 0x0
                0x00000000                __base_Flash = 0x0
                0x00080000                __top_MFlash512 = 0x80000
                0x00080000                __top_Flash = 0x80000
                0x10000000                __base_RamLoc32 = 0x10000000
                0x10000000                __base_RAM = 0x10000000
                0x10008000                __top_RamLoc32 = 0x10008000
                0x10008000                __top_RAM = 0x10008000
                0x2007c000                __base_RamAHB32 = 0x2007c000
                0x2007c000                __base_RAM2 = 0x2007c000
                0x20084000                __top_RamAHB32 = 0x20084000
                0x20084000                __top_RAM2 = 0x20084000

.text           0x00000000      0xb14
 FILL mask 0xff
                0x00000000                __vectors_start__ = ABSOLUTE (.)
 *(.isr_vector)
 .isr_vector    0x00000000       0xcc ./src/cr_startup_lpc175x_6x.o
                0x00000000                g_pfnVectors
                0x000000cc                . = ALIGN (0x4)
                0x000000cc                __section_table_start = .
                0x000000cc                __data_section_table = .
                0x000000cc        0x4 LONG 0xb14 LOADADDR (.data)
                0x000000d0        0x4 LONG 0x10000000 ADDR (.data)
                0x000000d4        0x4 LONG 0x0 SIZEOF (.data)
                0x000000d8        0x4 LONG 0xb14 LOADADDR (.data_RAM2)
                0x000000dc        0x4 LONG 0x2007c000 ADDR (.data_RAM2)
                0x000000e0        0x4 LONG 0x0 SIZEOF (.data_RAM2)
                0x000000e4                __data_section_table_end = .
                0x000000e4                __bss_section_table = .
                0x000000e4        0x4 LONG 0x10000000 ADDR (.bss)
                0x000000e8        0x4 LONG 0x0 SIZEOF (.bss)
                0x000000ec        0x4 LONG 0x2007c000 ADDR (.bss_RAM2)
                0x000000f0        0x4 LONG 0x0 SIZEOF (.bss_RAM2)
                0x000000f4                __bss_section_table_end = .
                0x000000f4                __section_table_end = .
 *(.after_vectors*)
 .after_vectors
                0x000000f4      0x128 ./src/cr_startup_lpc175x_6x.o
                0x000000f4                data_init
                0x00000136                bss_init
                0x0000016c                ResetISR
                0x000001e0                NMI_Handler
                0x000001e6                HardFault_Handler
                0x000001ec                MemManage_Handler
                0x000001f2                BusFault_Handler
                0x000001f8                UsageFault_Handler
                0x000001fe                SVC_Handler
                0x00000204                DebugMon_Handler
                0x0000020a                PendSV_Handler
                0x00000216                UART1_IRQHandler
                0x00000216                EINT3_IRQHandler
                0x00000216                CANActivity_IRQHandler
                0x00000216                TIMER3_IRQHandler
                0x00000216                UART0_IRQHandler
                0x00000216                USBActivity_IRQHandler
                0x00000216                EINT2_IRQHandler
                0x00000216                IntDefaultHandler
                0x00000216                PLL0_IRQHandler
                0x00000216                CAN_IRQHandler
                0x00000216                I2C0_IRQHandler
                0x00000216                SSP0_IRQHandler
                0x00000216                I2C1_IRQHandler
                0x00000216                I2C2_IRQHandler
                0x00000216                RTC_IRQHandler
                0x00000216                TIMER0_IRQHandler
                0x00000216                SPI_IRQHandler
                0x00000216                RIT_IRQHandler
                0x00000216                EINT1_IRQHandler
                0x00000216                TIMER1_IRQHandler
                0x00000216                UART2_IRQHandler
                0x00000216                ADC_IRQHandler
                0x00000216                SSP1_IRQHandler
                0x00000216                USB_IRQHandler
                0x00000216                BOD_IRQHandler
                0x00000216                PWM1_IRQHandler
                0x00000216                WDT_IRQHandler
                0x00000216                I2S_IRQHandler
                0x00000216                QEI_IRQHandler
                0x00000216                EINT0_IRQHandler
                0x00000216                PLL1_IRQHandler
                0x00000216                DMA_IRQHandler
                0x00000216                TIMER2_IRQHandler
                0x00000216                UART3_IRQHandler
                0x00000216                MCPWM_IRQHandler
                0x00000216                ENET_IRQHandler
                0x000002fc                . = 0x2fc
 *fill*         0x0000021c       0xe0 ff
                0x000002fc                PROVIDE (__CRP_WORD_START__ = .)
 *(.crp)
 .crp           0x000002fc        0x4 ./src/crp.o
                0x000002fc                CRP_WORD
                0x00000300                PROVIDE (__CRP_WORD_END__ = .)
                0x00000001                ASSERT (! ((__CRP_WORD_START__ == __CRP_WORD_END__)), Linker CRP Enabled, but no CRP_WORD provided within application)
 *(.text*)
 .text.GPIO_Pinsel
                0x00000300       0x92 ./src/DR_GPIO.o
                0x00000300                GPIO_Pinsel
 *fill*         0x00000392        0x2 ff
 .text.GPIO_Mode
                0x00000394       0x88 ./src/DR_GPIO.o
                0x00000394                GPIO_Mode
 .text.GPIO_Dir
                0x0000041c       0x70 ./src/DR_GPIO.o
                0x0000041c                GPIO_Dir
 .text.GPIO_Set
                0x0000048c       0x46 ./src/DR_GPIO.o
                0x0000048c                GPIO_Set
 *fill*         0x000004d2        0x2 ff
 .text.InicializarPLL
                0x000004d4      0x140 ./src/DR_PLL.o
                0x000004d4                InicializarPLL
 .text.PWM_Init
                0x00000614       0xe0 ./src/DR_PWM.o
                0x00000614                PWM_Init
 .text.updatePulseWidth
                0x000006f4       0xa0 ./src/DR_PWM.o
                0x000006f4                updatePulseWidth
 .text.SysTick_Init
                0x00000794       0x40 ./src/DR_Systick.o
                0x00000794                SysTick_Init
 .text.SysTick_Handler
                0x000007d4        0xc ./src/DR_Systick.o
                0x000007d4                SysTick_Handler
 .text.Tanks_Init
                0x000007e0       0x88 ./src/TAnks.o
                0x000007e0                Tanks_Init
 .text.MotorA_DirectionB
                0x00000868       0x2c ./src/TAnks.o
                0x00000868                MotorA_DirectionB
 .text.MotorA_DirectionF
                0x00000894       0x2c ./src/TAnks.o
                0x00000894                MotorA_DirectionF
 .text.MotorA_Brake
                0x000008c0       0x26 ./src/TAnks.o
                0x000008c0                MotorA_Brake
 .text.MotorA_Coast
                0x000008e6       0x26 ./src/TAnks.o
                0x000008e6                MotorA_Coast
 .text.MotorA_OFF
                0x0000090c       0x10 ./src/TAnks.o
                0x0000090c                MotorA_OFF
 .text.MotorB_DirectionB
                0x0000091c       0x2c ./src/TAnks.o
                0x0000091c                MotorB_DirectionB
 .text.MotorB_DirectionF
                0x00000948       0x2c ./src/TAnks.o
                0x00000948                MotorB_DirectionF
 .text.MotorB_Brake
                0x00000974       0x26 ./src/TAnks.o
                0x00000974                MotorB_Brake
 .text.MotorB_Coast
                0x0000099a       0x26 ./src/TAnks.o
                0x0000099a                MotorB_Coast
 .text.MotorB_OFF
                0x000009c0       0x10 ./src/TAnks.o
                0x000009c0                MotorB_OFF
 .text.Tank_OFF
                0x000009d0       0x10 ./src/TAnks.o
                0x000009d0                Tank_OFF
 .text.Tank_Brake
                0x000009e0       0x10 ./src/TAnks.o
                0x000009e0                Tank_Brake
 .text.Tank_Coast
                0x000009f0       0x10 ./src/TAnks.o
                0x000009f0                Tank_Coast
 .text.Tank_Forward
                0x00000a00       0x1c ./src/TAnks.o
                0x00000a00                Tank_Forward
 .text.Tank_Left
                0x00000a1c       0x1c ./src/TAnks.o
                0x00000a1c                Tank_Left
 .text.Tank_Right
                0x00000a38       0x1c ./src/TAnks.o
                0x00000a38                Tank_Right
 .text.main     0x00000a54       0xbc ./src/main.o
                0x00000a54                main
 .text.__weak_main
                0x00000b10        0x4 c:/nxp/mcuxpressoide_11.0.0_2516/ide/plugins/com.nxp.mcuxpresso.tools.win32_11.0.0.201905131304/tools/bin/../lib/gcc/arm-none-eabi/8.2.1/../../../../arm-none-eabi/lib/thumb/v7-m/nofp\libcr_c.a(__weak__main.o)
                0x00000b10                __weak_main
                0x00000b10                __main
 *(.rodata .rodata.* .constdata .constdata.*)
                0x00000b14                . = ALIGN (0x4)

.glue_7         0x00000b14        0x0
 .glue_7        0x00000b14        0x0 linker stubs

.glue_7t        0x00000b14        0x0
 .glue_7t       0x00000b14        0x0 linker stubs

.vfp11_veneer   0x00000b14        0x0
 .vfp11_veneer  0x00000b14        0x0 linker stubs

.v4_bx          0x00000b14        0x0
 .v4_bx         0x00000b14        0x0 linker stubs

.iplt           0x00000b14        0x0
 .iplt          0x00000b14        0x0 ./src/DR_GPIO.o

.rel.dyn        0x00000b14        0x0
 .rel.iplt      0x00000b14        0x0 ./src/DR_GPIO.o

.ARM.extab
 *(.ARM.extab* .gnu.linkonce.armextab.*)
                0x00000b14                __exidx_start = .

.ARM.exidx
 *(.ARM.exidx* .gnu.linkonce.armexidx.*)
                0x00000b14                __exidx_end = .
                0x00000b14                _etext = .

.data_RAM2      0x2007c000        0x0 load address 0x00000b14
 FILL mask 0xff
                [!provide]                PROVIDE (__start_data_RAM2 = .)
 *(.ramfunc.$RAM2)
 *(.ramfunc.$RamAHB32)
 *(.data.$RAM2)
 *(.data.$RamAHB32)
 *(.data.$RAM2.*)
 *(.data.$RamAHB32.*)
                0x2007c000                . = ALIGN (0x4)
                [!provide]                PROVIDE (__end_data_RAM2 = .)

.uninit_RESERVED
                0x10000000        0x0
                0x10000000                . = ALIGN (0x4)
 *(.bss.$RESERVED*)
                0x10000000                . = ALIGN (0x4)
                0x10000000                _end_uninit_RESERVED = .

.data           0x10000000        0x0 load address 0x00000b14
 FILL mask 0xff
                0x10000000                _data = .
 *(vtable)
 *(.ramfunc*)
 *(.data*)
                0x10000000                . = ALIGN (0x4)
                0x10000000                _edata = .

.igot.plt       0x10000000        0x0 load address 0x00000b14
 .igot.plt      0x10000000        0x0 ./src/DR_GPIO.o

.bss_RAM2       0x2007c000        0x0
                0x2007c000                . = ALIGN (0x4)
                [!provide]                PROVIDE (__start_bss_RAM2 = .)
 *(.bss.$RAM2)
 *(.bss.$RamAHB32)
 *(.bss.$RAM2.*)
 *(.bss.$RamAHB32.*)
                0x2007c000                . = ALIGN ((. != 0x0)?0x4:0x1)
                [!provide]                PROVIDE (__end_bss_RAM2 = .)

.bss            0x10000000        0x0
                0x10000000                . = ALIGN (0x4)
                0x10000000                _bss = .
 *(.bss*)
 *(COMMON)
                0x10000000                . = ALIGN (0x4)
                0x10000000                _ebss = .
                [!provide]                PROVIDE (end = .)

.noinit_RAM2    0x2007c000        0x0
                0x2007c000                . = ALIGN (0x4)
 *(.noinit.$RAM2)
 *(.noinit.$RamAHB32)
 *(.noinit.$RAM2.*)
 *(.noinit.$RamAHB32.*)
                0x2007c000                . = ALIGN (0x4)

.noinit         0x10000000        0x0
                0x10000000                . = ALIGN (0x4)
                0x10000000                _noinit = .
 *(.noinit*)
                0x10000000                . = ALIGN (0x4)
                0x10000000                _end_noinit = .
                [!provide]                PROVIDE (_pvHeapStart = DEFINED (__user_heap_base)?__user_heap_base:.)
                0x10008000                PROVIDE (_vStackTop = DEFINED (__user_stack_top)?__user_stack_top:(__top_RamLoc32 - 0x0))
                0xefff74f2                PROVIDE (__valid_user_code_checksum = (0x0 - ((((((_vStackTop + (ResetISR + 0x1)) + (NMI_Handler + 0x1)) + (HardFault_Handler + 0x1)) + (DEFINED (MemManage_Handler)?MemManage_Handler:0x0 + 0x1)) + (DEFINED (BusFault_Handler)?BusFault_Handler:0x0 + 0x1)) + (DEFINED (UsageFault_Handler)?UsageFault_Handler:0x0 + 0x1))))
                0x00000000                _image_start = LOADADDR (.text)
                0x00000b14                _image_end = (LOADADDR (.data) + SIZEOF (.data))
                0x00000b14                _image_size = (_image_end - _image_start)
OUTPUT(Proyect_X.axf elf32-littlearm)

.debug_info     0x00000000      0xeb5
 .debug_info    0x00000000      0x219 ./src/DR_GPIO.o
 .debug_info    0x00000219       0x72 ./src/DR_PLL.o
 .debug_info    0x0000028b      0x4d6 ./src/DR_PWM.o
 .debug_info    0x00000761      0x151 ./src/DR_Systick.o
 .debug_info    0x000008b2      0x244 ./src/TAnks.o
 .debug_info    0x00000af6      0x276 ./src/cr_startup_lpc175x_6x.o
 .debug_info    0x00000d6c       0x40 ./src/crp.o
 .debug_info    0x00000dac      0x109 ./src/main.o

.debug_abbrev   0x00000000      0x55f
 .debug_abbrev  0x00000000       0xe4 ./src/DR_GPIO.o
 .debug_abbrev  0x000000e4       0x56 ./src/DR_PLL.o
 .debug_abbrev  0x0000013a      0x112 ./src/DR_PWM.o
 .debug_abbrev  0x0000024c       0xc2 ./src/DR_Systick.o
 .debug_abbrev  0x0000030e       0x81 ./src/TAnks.o
 .debug_abbrev  0x0000038f      0x12a ./src/cr_startup_lpc175x_6x.o
 .debug_abbrev  0x000004b9       0x38 ./src/crp.o
 .debug_abbrev  0x000004f1       0x6e ./src/main.o

.debug_aranges  0x00000000      0x210
 .debug_aranges
                0x00000000       0x40 ./src/DR_GPIO.o
 .debug_aranges
                0x00000040       0x20 ./src/DR_PLL.o
 .debug_aranges
                0x00000060       0x28 ./src/DR_PWM.o
 .debug_aranges
                0x00000088       0x28 ./src/DR_Systick.o
 .debug_aranges
                0x000000b0       0xa8 ./src/TAnks.o
 .debug_aranges
                0x00000158       0x80 ./src/cr_startup_lpc175x_6x.o
 .debug_aranges
                0x000001d8       0x18 ./src/crp.o
 .debug_aranges
                0x000001f0       0x20 ./src/main.o

.debug_ranges   0x00000000      0x188
 .debug_ranges  0x00000000       0x30 ./src/DR_GPIO.o
 .debug_ranges  0x00000030       0x10 ./src/DR_PLL.o
 .debug_ranges  0x00000040       0x18 ./src/DR_PWM.o
 .debug_ranges  0x00000058       0x18 ./src/DR_Systick.o
 .debug_ranges  0x00000070       0x98 ./src/TAnks.o
 .debug_ranges  0x00000108       0x70 ./src/cr_startup_lpc175x_6x.o
 .debug_ranges  0x00000178       0x10 ./src/main.o

.debug_macro    0x00000000     0x10bd
 .debug_macro   0x00000000       0x29 ./src/DR_GPIO.o
 .debug_macro   0x00000029      0xa9c ./src/DR_GPIO.o
 .debug_macro   0x00000ac5       0x64 ./src/DR_GPIO.o
 .debug_macro   0x00000b29       0x64 ./src/DR_GPIO.o
 .debug_macro   0x00000b8d       0x29 ./src/DR_PLL.o
 .debug_macro   0x00000bb6      0x112 ./src/DR_PLL.o
 .debug_macro   0x00000cc8       0x35 ./src/DR_PWM.o
 .debug_macro   0x00000cfd      0x118 ./src/DR_PWM.o
 .debug_macro   0x00000e15       0x6a ./src/DR_PWM.o
 .debug_macro   0x00000e7f       0x5e ./src/DR_PWM.o
 .debug_macro   0x00000edd       0x23 ./src/DR_Systick.o
 .debug_macro   0x00000f00       0x10 ./src/DR_Systick.o
 .debug_macro   0x00000f10       0x3e ./src/TAnks.o
 .debug_macro   0x00000f4e       0x28 ./src/TAnks.o
 .debug_macro   0x00000f76       0x1d ./src/cr_startup_lpc175x_6x.o
 .debug_macro   0x00000f93       0x1a ./src/crp.o
 .debug_macro   0x00000fad       0x34 ./src/crp.o
 .debug_macro   0x00000fe1       0x5a ./src/main.o
 .debug_macro   0x0000103b       0x82 ./src/main.o

.debug_line     0x00000000      0xd68
 .debug_line    0x00000000      0x1c8 ./src/DR_GPIO.o
 .debug_line    0x000001c8      0x1ed ./src/DR_PLL.o
 .debug_line    0x000003b5      0x1b1 ./src/DR_PWM.o
 .debug_line    0x00000566      0x111 ./src/DR_Systick.o
 .debug_line    0x00000677      0x2aa ./src/TAnks.o
 .debug_line    0x00000921      0x15f ./src/cr_startup_lpc175x_6x.o
 .debug_line    0x00000a80       0xb1 ./src/crp.o
 .debug_line    0x00000b31      0x237 ./src/main.o

.debug_str      0x00000000     0x41fa
 .debug_str     0x00000000     0x3093 ./src/DR_GPIO.o
                               0x30d0 (size before relaxing)
 .debug_str     0x00003093      0x557 ./src/DR_PLL.o
                               0x3418 (size before relaxing)
 .debug_str     0x000035ea      0x30c ./src/DR_PWM.o
                               0x387d (size before relaxing)
 .debug_str     0x000038f6       0xb4 ./src/DR_Systick.o
                               0x2f8b (size before relaxing)
 .debug_str     0x000039aa      0x145 ./src/TAnks.o
                               0x377a (size before relaxing)
 .debug_str     0x00003aef      0x1c6 ./src/cr_startup_lpc175x_6x.o
                               0x2fbc (size before relaxing)
 .debug_str     0x00003cb5       0xe9 ./src/crp.o
                               0x2ec9 (size before relaxing)
 .debug_str     0x00003d9e      0x45c ./src/main.o
                               0x3afe (size before relaxing)

.comment        0x00000000       0x75
 .comment       0x00000000       0x75 ./src/DR_GPIO.o
                                 0x76 (size before relaxing)
 .comment       0x00000075       0x76 ./src/DR_PLL.o
 .comment       0x00000075       0x76 ./src/DR_PWM.o
 .comment       0x00000075       0x76 ./src/DR_Systick.o
 .comment       0x00000075       0x76 ./src/TAnks.o
 .comment       0x00000075       0x76 ./src/cr_startup_lpc175x_6x.o
 .comment       0x00000075       0x76 ./src/crp.o
 .comment       0x00000075       0x76 ./src/main.o
 .comment       0x00000075       0x76 c:/nxp/mcuxpressoide_11.0.0_2516/ide/plugins/com.nxp.mcuxpresso.tools.win32_11.0.0.201905131304/tools/bin/../lib/gcc/arm-none-eabi/8.2.1/../../../../arm-none-eabi/lib/thumb/v7-m/nofp\libcr_c.a(__weak__main.o)

.ARM.attributes
                0x00000000       0x2d
 .ARM.attributes
                0x00000000       0x2d ./src/DR_GPIO.o
 .ARM.attributes
                0x0000002d       0x2d ./src/DR_PLL.o
 .ARM.attributes
                0x0000005a       0x2d ./src/DR_PWM.o
 .ARM.attributes
                0x00000087       0x2d ./src/DR_Systick.o
 .ARM.attributes
                0x000000b4       0x2d ./src/TAnks.o
 .ARM.attributes
                0x000000e1       0x2d ./src/cr_startup_lpc175x_6x.o
 .ARM.attributes
                0x0000010e       0x33 ./src/crp.o
 .ARM.attributes
                0x00000141       0x2d ./src/main.o
 .ARM.attributes
                0x0000016e       0x2d c:/nxp/mcuxpressoide_11.0.0_2516/ide/plugins/com.nxp.mcuxpresso.tools.win32_11.0.0.201905131304/tools/bin/../lib/gcc/arm-none-eabi/8.2.1/../../../../arm-none-eabi/lib/thumb/v7-m/nofp\libcr_c.a(__weak__main.o)

.debug_frame    0x00000000      0x594
 .debug_frame   0x00000000       0xd8 ./src/DR_GPIO.o
 .debug_frame   0x000000d8       0x30 ./src/DR_PLL.o
 .debug_frame   0x00000108       0x54 ./src/DR_PWM.o
 .debug_frame   0x0000015c       0x50 ./src/DR_Systick.o
 .debug_frame   0x000001ac      0x248 ./src/TAnks.o
 .debug_frame   0x000003f4      0x170 ./src/cr_startup_lpc175x_6x.o
 .debug_frame   0x00000564       0x30 ./src/main.o

Cross Reference Table

Symbol                                            File
ADC_IRQHandler                                    ./src/cr_startup_lpc175x_6x.o
BOD_IRQHandler                                    ./src/cr_startup_lpc175x_6x.o
BusFault_Handler                                  ./src/cr_startup_lpc175x_6x.o
CANActivity_IRQHandler                            ./src/cr_startup_lpc175x_6x.o
CAN_IRQHandler                                    ./src/cr_startup_lpc175x_6x.o
CRP_WORD                                          ./src/crp.o
DMA_IRQHandler                                    ./src/cr_startup_lpc175x_6x.o
DebugMon_Handler                                  ./src/cr_startup_lpc175x_6x.o
DistanciaUS                                       ./src/UltraLib.o
EINT0_IRQHandler                                  ./src/cr_startup_lpc175x_6x.o
EINT1_IRQHandler                                  ./src/cr_startup_lpc175x_6x.o
EINT2_IRQHandler                                  ./src/cr_startup_lpc175x_6x.o
EINT3_IRQHandler                                  ./src/cr_startup_lpc175x_6x.o
ENET_IRQHandler                                   ./src/cr_startup_lpc175x_6x.o
FiltroUS                                          ./src/UltraLib.o
GPIO_Dir                                          ./src/DR_GPIO.o
                                                  ./src/UltraLib.o
                                                  ./src/TAnks.o
GPIO_Get                                          ./src/DR_GPIO.o
                                                  ./src/UltraLib.o
GPIO_Mode                                         ./src/DR_GPIO.o
                                                  ./src/UltraLib.o
                                                  ./src/TAnks.o
GPIO_Pinsel                                       ./src/DR_GPIO.o
                                                  ./src/TAnks.o
                                                  ./src/DR_PWM.o
GPIO_Set                                          ./src/DR_GPIO.o
                                                  ./src/UltraLib.o
                                                  ./src/TAnks.o
HardFault_Handler                                 ./src/cr_startup_lpc175x_6x.o
I2C0_IRQHandler                                   ./src/cr_startup_lpc175x_6x.o
I2C1_IRQHandler                                   ./src/cr_startup_lpc175x_6x.o
I2C2_IRQHandler                                   ./src/cr_startup_lpc175x_6x.o
I2S_IRQHandler                                    ./src/cr_startup_lpc175x_6x.o
InicializarPLL                                    ./src/DR_PLL.o
                                                  ./src/main.o
InitUltraFR                                       ./src/UltraLib.o
IntDefaultHandler                                 ./src/cr_startup_lpc175x_6x.o
MCPWM_IRQHandler                                  ./src/cr_startup_lpc175x_6x.o
MemManage_Handler                                 ./src/cr_startup_lpc175x_6x.o
MotorA_Brake                                      ./src/TAnks.o
MotorA_Coast                                      ./src/TAnks.o
MotorA_DirectionB                                 ./src/TAnks.o
MotorA_DirectionF                                 ./src/TAnks.o
MotorA_OFF                                        ./src/TAnks.o
MotorB_Brake                                      ./src/TAnks.o
MotorB_Coast                                      ./src/TAnks.o
MotorB_DirectionB                                 ./src/TAnks.o
MotorB_DirectionF                                 ./src/TAnks.o
MotorB_OFF                                        ./src/TAnks.o
NMI_Handler                                       ./src/cr_startup_lpc175x_6x.o
PLL0_IRQHandler                                   ./src/cr_startup_lpc175x_6x.o
PLL1_IRQHandler                                   ./src/cr_startup_lpc175x_6x.o
PWM1_IRQHandler                                   ./src/cr_startup_lpc175x_6x.o
PWM_Init                                          ./src/DR_PWM.o
                                                  ./src/TAnks.o
PendSV_Handler                                    ./src/cr_startup_lpc175x_6x.o
QEI_IRQHandler                                    ./src/cr_startup_lpc175x_6x.o
RIT_IRQHandler                                    ./src/cr_startup_lpc175x_6x.o
RTC_IRQHandler                                    ./src/cr_startup_lpc175x_6x.o
ResetISR                                          ./src/cr_startup_lpc175x_6x.o
SPI_IRQHandler                                    ./src/cr_startup_lpc175x_6x.o
SSP0_IRQHandler                                   ./src/cr_startup_lpc175x_6x.o
SSP1_IRQHandler                                   ./src/cr_startup_lpc175x_6x.o
SVC_Handler                                       ./src/cr_startup_lpc175x_6x.o
SysTick_Handler                                   ./src/DR_Systick.o
SysTick_Init                                      ./src/DR_Systick.o
                                                  ./src/main.o
TIMER0_IRQHandler                                 ./src/cr_startup_lpc175x_6x.o
TIMER1_IRQHandler                                 ./src/cr_startup_lpc175x_6x.o
TIMER2_IRQHandler                                 ./src/cr_startup_lpc175x_6x.o
TIMER3_IRQHandler                                 ./src/cr_startup_lpc175x_6x.o
Tank_Backward                                     ./src/TAnks.o
Tank_Brake                                        ./src/TAnks.o
                                                  ./src/main.o
Tank_Coast                                        ./src/TAnks.o
                                                  ./src/main.o
Tank_Forward                                      ./src/TAnks.o
                                                  ./src/main.o
Tank_Left                                         ./src/TAnks.o
                                                  ./src/main.o
Tank_OFF                                          ./src/TAnks.o
Tank_Right                                        ./src/TAnks.o
                                                  ./src/main.o
Tanks_Init                                        ./src/TAnks.o
                                                  ./src/main.o
UART0_IRQHandler                                  ./src/cr_startup_lpc175x_6x.o
UART1_IRQHandler                                  ./src/cr_startup_lpc175x_6x.o
UART2_IRQHandler                                  ./src/cr_startup_lpc175x_6x.o
UART3_IRQHandler                                  ./src/cr_startup_lpc175x_6x.o
USBActivity_IRQHandler                            ./src/cr_startup_lpc175x_6x.o
USB_IRQHandler                                    ./src/cr_startup_lpc175x_6x.o
UsageFault_Handler                                ./src/cr_startup_lpc175x_6x.o
WDT_IRQHandler                                    ./src/cr_startup_lpc175x_6x.o
__aeabi_cfcmpeq                                   c:/nxp/mcuxpressoide_11.0.0_2516/ide/plugins/com.nxp.mcuxpresso.tools.win32_11.0.0.201905131304/tools/bin/../lib/gcc/arm-none-eabi/8.2.1/thumb/v7-m/nofp\libcr_eabihelpers.a(float.o)
__aeabi_cfcmple                                   c:/nxp/mcuxpressoide_11.0.0_2516/ide/plugins/com.nxp.mcuxpresso.tools.win32_11.0.0.201905131304/tools/bin/../lib/gcc/arm-none-eabi/8.2.1/thumb/v7-m/nofp\libcr_eabihelpers.a(float.o)
__aeabi_cfrcmple                                  c:/nxp/mcuxpressoide_11.0.0_2516/ide/plugins/com.nxp.mcuxpresso.tools.win32_11.0.0.201905131304/tools/bin/../lib/gcc/arm-none-eabi/8.2.1/thumb/v7-m/nofp\libcr_eabihelpers.a(float.o)
__aeabi_f2d                                       c:/nxp/mcuxpressoide_11.0.0_2516/ide/plugins/com.nxp.mcuxpresso.tools.win32_11.0.0.201905131304/tools/bin/../lib/gcc/arm-none-eabi/8.2.1/thumb/v7-m/nofp\libcr_eabihelpers.a(float.o)
__aeabi_f2iz                                      c:/nxp/mcuxpressoide_11.0.0_2516/ide/plugins/com.nxp.mcuxpresso.tools.win32_11.0.0.201905131304/tools/bin/../lib/gcc/arm-none-eabi/8.2.1/thumb/v7-m/nofp\libcr_eabihelpers.a(float.o)
__aeabi_f2lz                                      c:/nxp/mcuxpressoide_11.0.0_2516/ide/plugins/com.nxp.mcuxpresso.tools.win32_11.0.0.201905131304/tools/bin/../lib/gcc/arm-none-eabi/8.2.1/thumb/v7-m/nofp\libcr_eabihelpers.a(float.o)
__aeabi_f2uiz                                     c:/nxp/mcuxpressoide_11.0.0_2516/ide/plugins/com.nxp.mcuxpresso.tools.win32_11.0.0.201905131304/tools/bin/../lib/gcc/arm-none-eabi/8.2.1/thumb/v7-m/nofp\libcr_eabihelpers.a(float.o)
__aeabi_f2ulz                                     c:/nxp/mcuxpressoide_11.0.0_2516/ide/plugins/com.nxp.mcuxpresso.tools.win32_11.0.0.201905131304/tools/bin/../lib/gcc/arm-none-eabi/8.2.1/thumb/v7-m/nofp\libcr_eabihelpers.a(float.o)
__aeabi_fadd                                      c:/nxp/mcuxpressoide_11.0.0_2516/ide/plugins/com.nxp.mcuxpresso.tools.win32_11.0.0.201905131304/tools/bin/../lib/gcc/arm-none-eabi/8.2.1/thumb/v7-m/nofp\libcr_eabihelpers.a(float.o)
                                                  ./src/UltraLib.o
__aeabi_fcmpeq                                    c:/nxp/mcuxpressoide_11.0.0_2516/ide/plugins/com.nxp.mcuxpresso.tools.win32_11.0.0.201905131304/tools/bin/../lib/gcc/arm-none-eabi/8.2.1/thumb/v7-m/nofp\libcr_eabihelpers.a(float.o)
__aeabi_fcmpge                                    c:/nxp/mcuxpressoide_11.0.0_2516/ide/plugins/com.nxp.mcuxpresso.tools.win32_11.0.0.201905131304/tools/bin/../lib/gcc/arm-none-eabi/8.2.1/thumb/v7-m/nofp\libcr_eabihelpers.a(float.o)
__aeabi_fcmpgt                                    c:/nxp/mcuxpressoide_11.0.0_2516/ide/plugins/com.nxp.mcuxpresso.tools.win32_11.0.0.201905131304/tools/bin/../lib/gcc/arm-none-eabi/8.2.1/thumb/v7-m/nofp\libcr_eabihelpers.a(float.o)
                                                  ./src/UltraLib.o
__aeabi_fcmple                                    c:/nxp/mcuxpressoide_11.0.0_2516/ide/plugins/com.nxp.mcuxpresso.tools.win32_11.0.0.201905131304/tools/bin/../lib/gcc/arm-none-eabi/8.2.1/thumb/v7-m/nofp\libcr_eabihelpers.a(float.o)
__aeabi_fcmplt                                    c:/nxp/mcuxpressoide_11.0.0_2516/ide/plugins/com.nxp.mcuxpresso.tools.win32_11.0.0.201905131304/tools/bin/../lib/gcc/arm-none-eabi/8.2.1/thumb/v7-m/nofp\libcr_eabihelpers.a(float.o)
                                                  ./src/UltraLib.o
__aeabi_fcmpun                                    c:/nxp/mcuxpressoide_11.0.0_2516/ide/plugins/com.nxp.mcuxpresso.tools.win32_11.0.0.201905131304/tools/bin/../lib/gcc/arm-none-eabi/8.2.1/thumb/v7-m/nofp\libcr_eabihelpers.a(float.o)
__aeabi_fdiv                                      c:/nxp/mcuxpressoide_11.0.0_2516/ide/plugins/com.nxp.mcuxpresso.tools.win32_11.0.0.201905131304/tools/bin/../lib/gcc/arm-none-eabi/8.2.1/thumb/v7-m/nofp\libcr_eabihelpers.a(float.o)
                                                  ./src/UltraLib.o
__aeabi_fmul                                      c:/nxp/mcuxpressoide_11.0.0_2516/ide/plugins/com.nxp.mcuxpresso.tools.win32_11.0.0.201905131304/tools/bin/../lib/gcc/arm-none-eabi/8.2.1/thumb/v7-m/nofp\libcr_eabihelpers.a(float.o)
__aeabi_fneg                                      c:/nxp/mcuxpressoide_11.0.0_2516/ide/plugins/com.nxp.mcuxpresso.tools.win32_11.0.0.201905131304/tools/bin/../lib/gcc/arm-none-eabi/8.2.1/thumb/v7-m/nofp\libcr_eabihelpers.a(float.o)
__aeabi_frsub                                     c:/nxp/mcuxpressoide_11.0.0_2516/ide/plugins/com.nxp.mcuxpresso.tools.win32_11.0.0.201905131304/tools/bin/../lib/gcc/arm-none-eabi/8.2.1/thumb/v7-m/nofp\libcr_eabihelpers.a(float.o)
__aeabi_fsub                                      c:/nxp/mcuxpressoide_11.0.0_2516/ide/plugins/com.nxp.mcuxpresso.tools.win32_11.0.0.201905131304/tools/bin/../lib/gcc/arm-none-eabi/8.2.1/thumb/v7-m/nofp\libcr_eabihelpers.a(float.o)
                                                  ./src/UltraLib.o
__aeabi_i2f                                       c:/nxp/mcuxpressoide_11.0.0_2516/ide/plugins/com.nxp.mcuxpresso.tools.win32_11.0.0.201905131304/tools/bin/../lib/gcc/arm-none-eabi/8.2.1/thumb/v7-m/nofp\libcr_eabihelpers.a(float.o)
__aeabi_l2f                                       c:/nxp/mcuxpressoide_11.0.0_2516/ide/plugins/com.nxp.mcuxpresso.tools.win32_11.0.0.201905131304/tools/bin/../lib/gcc/arm-none-eabi/8.2.1/thumb/v7-m/nofp\libcr_eabihelpers.a(float.o)
__aeabi_ui2f                                      c:/nxp/mcuxpressoide_11.0.0_2516/ide/plugins/com.nxp.mcuxpresso.tools.win32_11.0.0.201905131304/tools/bin/../lib/gcc/arm-none-eabi/8.2.1/thumb/v7-m/nofp\libcr_eabihelpers.a(float.o)
                                                  ./src/UltraLib.o
__aeabi_ul2f                                      c:/nxp/mcuxpressoide_11.0.0_2516/ide/plugins/com.nxp.mcuxpresso.tools.win32_11.0.0.201905131304/tools/bin/../lib/gcc/arm-none-eabi/8.2.1/thumb/v7-m/nofp\libcr_eabihelpers.a(float.o)
__bhs_ui2f                                        c:/nxp/mcuxpressoide_11.0.0_2516/ide/plugins/com.nxp.mcuxpresso.tools.win32_11.0.0.201905131304/tools/bin/../lib/gcc/arm-none-eabi/8.2.1/thumb/v7-m/nofp\libcr_eabihelpers.a(float.o)
__bhs_ul2f                                        c:/nxp/mcuxpressoide_11.0.0_2516/ide/plugins/com.nxp.mcuxpresso.tools.win32_11.0.0.201905131304/tools/bin/../lib/gcc/arm-none-eabi/8.2.1/thumb/v7-m/nofp\libcr_eabihelpers.a(float.o)
__bss_section_table_end                           ./src/cr_startup_lpc175x_6x.o
__data_section_table                              ./src/cr_startup_lpc175x_6x.o
__data_section_table_end                          ./src/cr_startup_lpc175x_6x.o
__main                                            c:/nxp/mcuxpressoide_11.0.0_2516/ide/plugins/com.nxp.mcuxpresso.tools.win32_11.0.0.201905131304/tools/bin/../lib/gcc/arm-none-eabi/8.2.1/../../../../arm-none-eabi/lib/thumb/v7-m/nofp\libcr_c.a(__weak__main.o)
                                                  ./src/cr_startup_lpc175x_6x.o
__valid_user_code_checksum                        ./src/cr_startup_lpc175x_6x.o
__weak_main                                       c:/nxp/mcuxpressoide_11.0.0_2516/ide/plugins/com.nxp.mcuxpresso.tools.win32_11.0.0.201905131304/tools/bin/../lib/gcc/arm-none-eabi/8.2.1/../../../../arm-none-eabi/lib/thumb/v7-m/nofp\libcr_c.a(__weak__main.o)
_vStackTop                                        ./src/cr_startup_lpc175x_6x.o
bss_init                                          ./src/cr_startup_lpc175x_6x.o
data_init                                         ./src/cr_startup_lpc175x_6x.o
g_pfnVectors                                      ./src/cr_startup_lpc175x_6x.o
main                                              ./src/main.o
                                                  c:/nxp/mcuxpressoide_11.0.0_2516/ide/plugins/com.nxp.mcuxpresso.tools.win32_11.0.0.201905131304/tools/bin/../lib/gcc/arm-none-eabi/8.2.1/../../../../arm-none-eabi/lib/thumb/v7-m/nofp\libcr_c.a(__weak__main.o)
updatePulseWidth                                  ./src/DR_PWM.o
                                                  ./src/TAnks.o
