TAnks.c:4:6:Tanks_Init	8	static
TAnks.c:28:6:MotorA_DirectionB	16	static
TAnks.c:34:6:MotorA_DirectionF	16	static
TAnks.c:40:6:MotorA_Brake	8	static
TAnks.c:46:6:MotorA_Coast	8	static
TAnks.c:52:6:MotorA_OFF	8	static
TAnks.c:62:6:MotorB_DirectionB	16	static
TAnks.c:68:6:MotorB_DirectionF	16	static
TAnks.c:74:6:MotorB_Brake	8	static
TAnks.c:80:6:MotorB_Coast	8	static
TAnks.c:86:6:MotorB_OFF	8	static
TAnks.c:96:6:Tank_OFF	8	static
TAnks.c:101:6:Tank_Brake	8	static
TAnks.c:106:6:Tank_Coast	8	static
TAnks.c:111:6:Tank_Forward	16	static
TAnks.c:116:6:Tank_Backward	16	static
TAnks.c:121:6:Tank_Left	16	static
TAnks.c:126:6:Tank_Right	16	static
